exports[`Bar chart renders a svg @0 1`] = `"<svg xmlns=\"http://www.w3.org/2000/svg\" version=\"1.1\" width=\"20\" height=\"424\"><g transform=\"translate(10,20)\"><g class=\"line\" transform=\"translate(0,0)\"><text y=\"11\" dy=\"4\" class=\"name\" style=\"font-size: 14px; font-family: sans-serif; text-anchor: end;\" x=\"46.2\">110.9%</text><rect x=\"51.2\" width=\"-54.2\" height=\"22\" class=\"bar yea\" style=\"fill: #457439; opacity: 0.7;\"><title>110.9%</title></rect><rect x=\"-3\" width=\"0\" height=\"22\" class=\"bar nay\" style=\"fill: #a4112e; opacity: 0.7;\"><title>-10.9%</title></rect></g><g class=\"line\" transform=\"translate(0,24)\"><text y=\"11\" dy=\"4\" class=\"name\" style=\"font-size: 14px; font-family: sans-serif; text-anchor: end;\" x=\"46.2\">105%</text><rect x=\"51.2\" width=\"-54.2\" height=\"22\" class=\"bar yea\" style=\"fill: #457439; opacity: 0.7;\"><title>105%</title></rect><rect x=\"-3\" width=\"0\" height=\"22\" class=\"bar nay\" style=\"fill: #a4112e; opacity: 0.7;\"><title>-5%</title></rect></g><g class=\"line\" transform=\"translate(0,48)\"><text y=\"11\" dy=\"4\" class=\"name\" style=\"font-size: 14px; font-family: sans-serif; text-anchor: end;\" x=\"46.2\">100%</text><rect x=\"51.2\" width=\"-54.2\" height=\"22\" class=\"bar yea\" style=\"fill: #457439; opacity: 0.7;\"><title>100%</title></rect><rect x=\"-3\" width=\"0\" height=\"22\" class=\"bar nay\" style=\"fill: #a4112e; opacity: 0.7;\"><title>0%</title></rect></g><g class=\"line\" transform=\"translate(0,72)\"><text y=\"11\" dy=\"4\" class=\"name\" style=\"font-size: 14px; font-family: sans-serif; text-anchor: end;\" x=\"46.2\">100.0%</text><rect x=\"51.2\" width=\"-54.2\" height=\"22\" class=\"bar yea\" style=\"fill: #457439; opacity: 0.7;\"><title>100%</title></rect><rect x=\"-3\" width=\"0\" height=\"22\" class=\"bar nay\" style=\"fill: #a4112e; opacity: 0.7;\"><title>0%</title></rect></g><g class=\"line\" transform=\"translate(0,96)\"><text y=\"11\" dy=\"4\" class=\"name\" style=\"font-size: 14px; font-family: sans-serif; text-anchor: end;\" x=\"46.2\">99.9%</text><rect x=\"51.2\" width=\"-54.14580000000001\" height=\"22\" class=\"bar yea\" style=\"fill: #457439; opacity: 0.7;\"><title>99.9%</title></rect><rect x=\"-2.9458000000000055\" width=\"-0.054199999999996924\" height=\"22\" class=\"bar nay\" style=\"fill: #a4112e; opacity: 0.7;\"><title>0.1%</title></rect></g><g class=\"line\" transform=\"translate(0,120)\"><text y=\"11\" dy=\"4\" class=\"name\" style=\"font-size: 14px; font-family: sans-serif; text-anchor: end;\" x=\"46.2\">88.8%</text><rect x=\"51.2\" width=\"-48.1296\" height=\"22\" class=\"bar yea\" style=\"fill: #457439; opacity: 0.7;\"><title>88.8%</title></rect><rect x=\"3.0703999999999994\" width=\"-6.070400000000002\" height=\"22\" class=\"bar nay\" style=\"fill: #a4112e; opacity: 0.7;\"><title>11.2%</title></rect></g><g class=\"line\" transform=\"translate(0,144)\"><text y=\"11\" dy=\"4\" class=\"name\" style=\"font-size: 14px; font-family: sans-serif; text-anchor: end;\" x=\"46.2\">50.1%</text><rect x=\"51.2\" width=\"-27.154200000000003\" height=\"22\" class=\"bar yea\" style=\"fill: #457439; opacity: 0.7;\"><title>50.1%</title></rect><rect x=\"24.0458\" width=\"-27.0458\" height=\"22\" class=\"bar nay\" style=\"fill: #a4112e; opacity: 0.7;\"><title>49.9%</title></rect></g><g class=\"line\" transform=\"translate(0,168)\"><text y=\"11\" dy=\"4\" class=\"name\" style=\"font-size: 14px; font-family: sans-serif; text-anchor: end;\" x=\"46.2\">50.0%</text><rect x=\"51.2\" width=\"-27.1\" height=\"22\" class=\"bar yea\" style=\"fill: #457439; opacity: 0.7;\"><title>50%</title></rect><rect x=\"24.1\" width=\"-27.1\" height=\"22\" class=\"bar nay\" style=\"fill: #a4112e; opacity: 0.7;\"><title>50%</title></rect></g><g class=\"line\" transform=\"translate(0,192)\"><text y=\"11\" dy=\"4\" class=\"name\" style=\"font-size: 14px; font-family: sans-serif; text-anchor: end;\" x=\"46.2\">50%</text><rect x=\"51.2\" width=\"-27.1\" height=\"22\" class=\"bar yea\" style=\"fill: #457439; opacity: 0.7;\"><title>50%</title></rect><rect x=\"24.1\" width=\"-27.1\" height=\"22\" class=\"bar nay\" style=\"fill: #a4112e; opacity: 0.7;\"><title>50%</title></rect></g><g class=\"line\" transform=\"translate(0,216)\"><text y=\"11\" dy=\"4\" class=\"name\" style=\"font-size: 14px; font-family: sans-serif; text-anchor: end;\" x=\"46.2\">49.9%</text><rect x=\"51.2\" width=\"-27.0458\" height=\"22\" class=\"bar yea\" style=\"fill: #457439; opacity: 0.7;\"><title>49.9%</title></rect><rect x=\"24.154200000000003\" width=\"-27.154200000000003\" height=\"22\" class=\"bar nay\" style=\"fill: #a4112e; opacity: 0.7;\"><title>50.1%</title></rect></g><g class=\"line\" transform=\"translate(0,240)\"><text y=\"11\" dy=\"4\" class=\"name\" style=\"font-size: 14px; font-family: sans-serif; text-anchor: end;\" x=\"46.2\">11.1%</text><rect x=\"51.2\" width=\"-6.0162\" height=\"22\" class=\"bar yea\" style=\"fill: #457439; opacity: 0.7;\"><title>11.1%</title></rect><rect x=\"45.183800000000005\" width=\"-48.183800000000005\" height=\"22\" class=\"bar nay\" style=\"fill: #a4112e; opacity: 0.7;\"><title>88.9%</title></rect></g><g class=\"line\" transform=\"translate(0,264)\"><text y=\"11\" dy=\"4\" class=\"name\" style=\"font-size: 14px; font-family: sans-serif; text-anchor: end;\" x=\"46.2\">0.1%</text><rect x=\"51.2\" width=\"-0.054200000000000005\" height=\"22\" class=\"bar yea\" style=\"fill: #457439; opacity: 0.7;\"><title>0.1%</title></rect><rect x=\"51.1458\" width=\"-54.14580000000001\" height=\"22\" class=\"bar nay\" style=\"fill: #a4112e; opacity: 0.7;\"><title>99.9%</title></rect></g><g class=\"line\" transform=\"translate(0,288)\"><text y=\"11\" dy=\"4\" class=\"name\" style=\"font-size: 14px; font-family: sans-serif; text-anchor: end;\" x=\"46.2\">0.0%</text><rect x=\"51.2\" width=\"0\" height=\"22\" class=\"bar yea\" style=\"fill: #457439; opacity: 0.7;\"><title>0%</title></rect><rect x=\"51.2\" width=\"-54.2\" height=\"22\" class=\"bar nay\" style=\"fill: #a4112e; opacity: 0.7;\"><title>100%</title></rect></g><g class=\"line\" transform=\"translate(0,312)\"><text y=\"11\" dy=\"4\" class=\"name\" style=\"font-size: 14px; font-family: sans-serif; text-anchor: end;\" x=\"46.2\">0%</text><rect x=\"51.2\" width=\"0\" height=\"22\" class=\"bar yea\" style=\"fill: #457439; opacity: 0.7;\"><title>0%</title></rect><rect x=\"51.2\" width=\"-54.2\" height=\"22\" class=\"bar nay\" style=\"fill: #a4112e; opacity: 0.7;\"><title>100%</title></rect></g><g class=\"line\" transform=\"translate(0,336)\"><text y=\"11\" dy=\"4\" class=\"name\" style=\"font-size: 14px; font-family: sans-serif; text-anchor: end;\" x=\"46.2\">-5%</text><rect x=\"51.2\" width=\"0\" height=\"22\" class=\"bar yea\" style=\"fill: #457439; opacity: 0.7;\"><title>-5%</title></rect><rect x=\"51.2\" width=\"-54.2\" height=\"22\" class=\"bar nay\" style=\"fill: #a4112e; opacity: 0.7;\"><title>105%</title></rect></g><g class=\"line\" transform=\"translate(0,360)\"><text y=\"11\" dy=\"4\" class=\"name\" style=\"font-size: 14px; font-family: sans-serif; text-anchor: end;\" x=\"46.2\">-10.9%</text><rect x=\"51.2\" width=\"0\" height=\"22\" class=\"bar yea\" style=\"fill: #457439; opacity: 0.7;\"><title>-10.9%</title></rect><rect x=\"51.2\" width=\"-54.2\" height=\"22\" class=\"bar nay\" style=\"fill: #a4112e; opacity: 0.7;\"><title>110.9%</title></rect></g><line x1=\"24.1\" x2=\"24.1\" y1=\"0\" y2=\"384\" stroke-width=\"1\" stroke=\"white\" style=\"stroke-dasharray: 4, 4;\"></line></g></svg>"`;

exports[`Bar chart renders a svg @100 1`] = `"<svg xmlns=\"http://www.w3.org/2000/svg\" version=\"1.1\" width=\"120\" height=\"424\"><g transform=\"translate(10,20)\"><g class=\"line\" transform=\"translate(0,0)\"><text y=\"11\" dy=\"4\" class=\"name\" style=\"font-size: 14px; font-family: sans-serif; text-anchor: end;\" x=\"46.2\">110.9%</text><rect x=\"51.2\" width=\"45.8\" height=\"22\" class=\"bar yea\" style=\"fill: #457439; opacity: 0.7;\"><title>110.9%</title></rect><rect x=\"97\" width=\"0\" height=\"22\" class=\"bar nay\" style=\"fill: #a4112e; opacity: 0.7;\"><title>-10.9%</title></rect></g><g class=\"line\" transform=\"translate(0,24)\"><text y=\"11\" dy=\"4\" class=\"name\" style=\"font-size: 14px; font-family: sans-serif; text-anchor: end;\" x=\"46.2\">105%</text><rect x=\"51.2\" width=\"45.8\" height=\"22\" class=\"bar yea\" style=\"fill: #457439; opacity: 0.7;\"><title>105%</title></rect><rect x=\"97\" width=\"0\" height=\"22\" class=\"bar nay\" style=\"fill: #a4112e; opacity: 0.7;\"><title>-5%</title></rect></g><g class=\"line\" transform=\"translate(0,48)\"><text y=\"11\" dy=\"4\" class=\"name\" style=\"font-size: 14px; font-family: sans-serif; text-anchor: end;\" x=\"46.2\">100%</text><rect x=\"51.2\" width=\"45.8\" height=\"22\" class=\"bar yea\" style=\"fill: #457439; opacity: 0.7;\"><title>100%</title></rect><rect x=\"97\" width=\"0\" height=\"22\" class=\"bar nay\" style=\"fill: #a4112e; opacity: 0.7;\"><title>0%</title></rect></g><g class=\"line\" transform=\"translate(0,72)\"><text y=\"11\" dy=\"4\" class=\"name\" style=\"font-size: 14px; font-family: sans-serif; text-anchor: end;\" x=\"46.2\">100.0%</text><rect x=\"51.2\" width=\"45.8\" height=\"22\" class=\"bar yea\" style=\"fill: #457439; opacity: 0.7;\"><title>100%</title></rect><rect x=\"97\" width=\"0\" height=\"22\" class=\"bar nay\" style=\"fill: #a4112e; opacity: 0.7;\"><title>0%</title></rect></g><g class=\"line\" transform=\"translate(0,96)\"><text y=\"11\" dy=\"4\" class=\"name\" style=\"font-size: 14px; font-family: sans-serif; text-anchor: end;\" x=\"46.2\">99.9%</text><rect x=\"51.2\" width=\"45.754200000000004\" height=\"22\" class=\"bar yea\" style=\"fill: #457439; opacity: 0.7;\"><title>99.9%</title></rect><rect x=\"96.95420000000001\" width=\"0.0457999999999974\" height=\"22\" class=\"bar nay\" style=\"fill: #a4112e; opacity: 0.7;\"><title>0.1%</title></rect></g><g class=\"line\" transform=\"translate(0,120)\"><text y=\"11\" dy=\"4\" class=\"name\" style=\"font-size: 14px; font-family: sans-serif; text-anchor: end;\" x=\"46.2\">88.8%</text><rect x=\"51.2\" width=\"40.6704\" height=\"22\" class=\"bar yea\" style=\"fill: #457439; opacity: 0.7;\"><title>88.8%</title></rect><rect x=\"91.8704\" width=\"5.129600000000001\" height=\"22\" class=\"bar nay\" style=\"fill: #a4112e; opacity: 0.7;\"><title>11.2%</title></rect></g><g class=\"line\" transform=\"translate(0,144)\"><text y=\"11\" dy=\"4\" class=\"name\" style=\"font-size: 14px; font-family: sans-serif; text-anchor: end;\" x=\"46.2\">50.1%</text><rect x=\"51.2\" width=\"22.9458\" height=\"22\" class=\"bar yea\" style=\"fill: #457439; opacity: 0.7;\"><title>50.1%</title></rect><rect x=\"74.14580000000001\" width=\"22.8542\" height=\"22\" class=\"bar nay\" style=\"fill: #a4112e; opacity: 0.7;\"><title>49.9%</title></rect></g><g class=\"line\" transform=\"translate(0,168)\"><text y=\"11\" dy=\"4\" class=\"name\" style=\"font-size: 14px; font-family: sans-serif; text-anchor: end;\" x=\"46.2\">50.0%</text><rect x=\"51.2\" width=\"22.9\" height=\"22\" class=\"bar yea\" style=\"fill: #457439; opacity: 0.7;\"><title>50%</title></rect><rect x=\"74.1\" width=\"22.9\" height=\"22\" class=\"bar nay\" style=\"fill: #a4112e; opacity: 0.7;\"><title>50%</title></rect></g><g class=\"line\" transform=\"translate(0,192)\"><text y=\"11\" dy=\"4\" class=\"name\" style=\"font-size: 14px; font-family: sans-serif; text-anchor: end;\" x=\"46.2\">50%</text><rect x=\"51.2\" width=\"22.9\" height=\"22\" class=\"bar yea\" style=\"fill: #457439; opacity: 0.7;\"><title>50%</title></rect><rect x=\"74.1\" width=\"22.9\" height=\"22\" class=\"bar nay\" style=\"fill: #a4112e; opacity: 0.7;\"><title>50%</title></rect></g><g class=\"line\" transform=\"translate(0,216)\"><text y=\"11\" dy=\"4\" class=\"name\" style=\"font-size: 14px; font-family: sans-serif; text-anchor: end;\" x=\"46.2\">49.9%</text><rect x=\"51.2\" width=\"22.8542\" height=\"22\" class=\"bar yea\" style=\"fill: #457439; opacity: 0.7;\"><title>49.9%</title></rect><rect x=\"74.05420000000001\" width=\"22.9458\" height=\"22\" class=\"bar nay\" style=\"fill: #a4112e; opacity: 0.7;\"><title>50.1%</title></rect></g><g class=\"line\" transform=\"translate(0,240)\"><text y=\"11\" dy=\"4\" class=\"name\" style=\"font-size: 14px; font-family: sans-serif; text-anchor: end;\" x=\"46.2\">11.1%</text><rect x=\"51.2\" width=\"5.0838\" height=\"22\" class=\"bar yea\" style=\"fill: #457439; opacity: 0.7;\"><title>11.1%</title></rect><rect x=\"56.2838\" width=\"40.7162\" height=\"22\" class=\"bar nay\" style=\"fill: #a4112e; opacity: 0.7;\"><title>88.9%</title></rect></g><g class=\"line\" transform=\"translate(0,264)\"><text y=\"11\" dy=\"4\" class=\"name\" style=\"font-size: 14px; font-family: sans-serif; text-anchor: end;\" x=\"46.2\">0.1%</text><rect x=\"51.2\" width=\"0.0458\" height=\"22\" class=\"bar yea\" style=\"fill: #457439; opacity: 0.7;\"><title>0.1%</title></rect><rect x=\"51.2458\" width=\"45.754200000000004\" height=\"22\" class=\"bar nay\" style=\"fill: #a4112e; opacity: 0.7;\"><title>99.9%</title></rect></g><g class=\"line\" transform=\"translate(0,288)\"><text y=\"11\" dy=\"4\" class=\"name\" style=\"font-size: 14px; font-family: sans-serif; text-anchor: end;\" x=\"46.2\">0.0%</text><rect x=\"51.2\" width=\"0\" height=\"22\" class=\"bar yea\" style=\"fill: #457439; opacity: 0.7;\"><title>0%</title></rect><rect x=\"51.2\" width=\"45.8\" height=\"22\" class=\"bar nay\" style=\"fill: #a4112e; opacity: 0.7;\"><title>100%</title></rect></g><g class=\"line\" transform=\"translate(0,312)\"><text y=\"11\" dy=\"4\" class=\"name\" style=\"font-size: 14px; font-family: sans-serif; text-anchor: end;\" x=\"46.2\">0%</text><rect x=\"51.2\" width=\"0\" height=\"22\" class=\"bar yea\" style=\"fill: #457439; opacity: 0.7;\"><title>0%</title></rect><rect x=\"51.2\" width=\"45.8\" height=\"22\" class=\"bar nay\" style=\"fill: #a4112e; opacity: 0.7;\"><title>100%</title></rect></g><g class=\"line\" transform=\"translate(0,336)\"><text y=\"11\" dy=\"4\" class=\"name\" style=\"font-size: 14px; font-family: sans-serif; text-anchor: end;\" x=\"46.2\">-5%</text><rect x=\"51.2\" width=\"0\" height=\"22\" class=\"bar yea\" style=\"fill: #457439; opacity: 0.7;\"><title>-5%</title></rect><rect x=\"51.2\" width=\"45.8\" height=\"22\" class=\"bar nay\" style=\"fill: #a4112e; opacity: 0.7;\"><title>105%</title></rect></g><g class=\"line\" transform=\"translate(0,360)\"><text y=\"11\" dy=\"4\" class=\"name\" style=\"font-size: 14px; font-family: sans-serif; text-anchor: end;\" x=\"46.2\">-10.9%</text><rect x=\"51.2\" width=\"0\" height=\"22\" class=\"bar yea\" style=\"fill: #457439; opacity: 0.7;\"><title>-10.9%</title></rect><rect x=\"51.2\" width=\"45.8\" height=\"22\" class=\"bar nay\" style=\"fill: #a4112e; opacity: 0.7;\"><title>110.9%</title></rect></g><line x1=\"74.1\" x2=\"74.1\" y1=\"0\" y2=\"384\" stroke-width=\"1\" stroke=\"white\" style=\"stroke-dasharray: 4, 4;\"></line></g></svg>"`;

exports[`Bar chart renders a svg @500 1`] = `"<svg xmlns=\"http://www.w3.org/2000/svg\" version=\"1.1\" width=\"520\" height=\"424\"><g transform=\"translate(10,20)\"><g class=\"line\" transform=\"translate(0,0)\"><text y=\"11\" dy=\"4\" class=\"name\" style=\"font-size: 14px; font-family: sans-serif; text-anchor: end;\" x=\"46.2\">110.9%</text><rect x=\"51.2\" width=\"445.8\" height=\"22\" class=\"bar yea\" style=\"fill: #457439; opacity: 0.7;\"><title>110.9%</title></rect><rect x=\"497\" width=\"0\" height=\"22\" class=\"bar nay\" style=\"fill: #a4112e; opacity: 0.7;\"><title>-10.9%</title></rect></g><g class=\"line\" transform=\"translate(0,24)\"><text y=\"11\" dy=\"4\" class=\"name\" style=\"font-size: 14px; font-family: sans-serif; text-anchor: end;\" x=\"46.2\">105%</text><rect x=\"51.2\" width=\"445.8\" height=\"22\" class=\"bar yea\" style=\"fill: #457439; opacity: 0.7;\"><title>105%</title></rect><rect x=\"497\" width=\"0\" height=\"22\" class=\"bar nay\" style=\"fill: #a4112e; opacity: 0.7;\"><title>-5%</title></rect></g><g class=\"line\" transform=\"translate(0,48)\"><text y=\"11\" dy=\"4\" class=\"name\" style=\"font-size: 14px; font-family: sans-serif; text-anchor: end;\" x=\"46.2\">100%</text><rect x=\"51.2\" width=\"445.8\" height=\"22\" class=\"bar yea\" style=\"fill: #457439; opacity: 0.7;\"><title>100%</title></rect><rect x=\"497\" width=\"0\" height=\"22\" class=\"bar nay\" style=\"fill: #a4112e; opacity: 0.7;\"><title>0%</title></rect></g><g class=\"line\" transform=\"translate(0,72)\"><text y=\"11\" dy=\"4\" class=\"name\" style=\"font-size: 14px; font-family: sans-serif; text-anchor: end;\" x=\"46.2\">100.0%</text><rect x=\"51.2\" width=\"445.8\" height=\"22\" class=\"bar yea\" style=\"fill: #457439; opacity: 0.7;\"><title>100%</title></rect><rect x=\"497\" width=\"0\" height=\"22\" class=\"bar nay\" style=\"fill: #a4112e; opacity: 0.7;\"><title>0%</title></rect></g><g class=\"line\" transform=\"translate(0,96)\"><text y=\"11\" dy=\"4\" class=\"name\" style=\"font-size: 14px; font-family: sans-serif; text-anchor: end;\" x=\"46.2\">99.9%</text><rect x=\"51.2\" width=\"445.35420000000005\" height=\"22\" class=\"bar yea\" style=\"fill: #457439; opacity: 0.7;\"><title>99.9%</title></rect><rect x=\"496.55420000000004\" width=\"0.4457999999999747\" height=\"22\" class=\"bar nay\" style=\"fill: #a4112e; opacity: 0.7;\"><title>0.1%</title></rect></g><g class=\"line\" transform=\"translate(0,120)\"><text y=\"11\" dy=\"4\" class=\"name\" style=\"font-size: 14px; font-family: sans-serif; text-anchor: end;\" x=\"46.2\">88.8%</text><rect x=\"51.2\" width=\"395.8704\" height=\"22\" class=\"bar yea\" style=\"fill: #457439; opacity: 0.7;\"><title>88.8%</title></rect><rect x=\"447.0704\" width=\"49.929600000000015\" height=\"22\" class=\"bar nay\" style=\"fill: #a4112e; opacity: 0.7;\"><title>11.2%</title></rect></g><g class=\"line\" transform=\"translate(0,144)\"><text y=\"11\" dy=\"4\" class=\"name\" style=\"font-size: 14px; font-family: sans-serif; text-anchor: end;\" x=\"46.2\">50.1%</text><rect x=\"51.2\" width=\"223.3458\" height=\"22\" class=\"bar yea\" style=\"fill: #457439; opacity: 0.7;\"><title>50.1%</title></rect><rect x=\"274.5458\" width=\"222.45420000000001\" height=\"22\" class=\"bar nay\" style=\"fill: #a4112e; opacity: 0.7;\"><title>49.9%</title></rect></g><g class=\"line\" transform=\"translate(0,168)\"><text y=\"11\" dy=\"4\" class=\"name\" style=\"font-size: 14px; font-family: sans-serif; text-anchor: end;\" x=\"46.2\">50.0%</text><rect x=\"51.2\" width=\"222.9\" height=\"22\" class=\"bar yea\" style=\"fill: #457439; opacity: 0.7;\"><title>50%</title></rect><rect x=\"274.1\" width=\"222.9\" height=\"22\" class=\"bar nay\" style=\"fill: #a4112e; opacity: 0.7;\"><title>50%</title></rect></g><g class=\"line\" transform=\"translate(0,192)\"><text y=\"11\" dy=\"4\" class=\"name\" style=\"font-size: 14px; font-family: sans-serif; text-anchor: end;\" x=\"46.2\">50%</text><rect x=\"51.2\" width=\"222.9\" height=\"22\" class=\"bar yea\" style=\"fill: #457439; opacity: 0.7;\"><title>50%</title></rect><rect x=\"274.1\" width=\"222.9\" height=\"22\" class=\"bar nay\" style=\"fill: #a4112e; opacity: 0.7;\"><title>50%</title></rect></g><g class=\"line\" transform=\"translate(0,216)\"><text y=\"11\" dy=\"4\" class=\"name\" style=\"font-size: 14px; font-family: sans-serif; text-anchor: end;\" x=\"46.2\">49.9%</text><rect x=\"51.2\" width=\"222.45420000000001\" height=\"22\" class=\"bar yea\" style=\"fill: #457439; opacity: 0.7;\"><title>49.9%</title></rect><rect x=\"273.6542\" width=\"223.3458\" height=\"22\" class=\"bar nay\" style=\"fill: #a4112e; opacity: 0.7;\"><title>50.1%</title></rect></g><g class=\"line\" transform=\"translate(0,240)\"><text y=\"11\" dy=\"4\" class=\"name\" style=\"font-size: 14px; font-family: sans-serif; text-anchor: end;\" x=\"46.2\">11.1%</text><rect x=\"51.2\" width=\"49.4838\" height=\"22\" class=\"bar yea\" style=\"fill: #457439; opacity: 0.7;\"><title>11.1%</title></rect><rect x=\"100.6838\" width=\"396.31620000000004\" height=\"22\" class=\"bar nay\" style=\"fill: #a4112e; opacity: 0.7;\"><title>88.9%</title></rect></g><g class=\"line\" transform=\"translate(0,264)\"><text y=\"11\" dy=\"4\" class=\"name\" style=\"font-size: 14px; font-family: sans-serif; text-anchor: end;\" x=\"46.2\">0.1%</text><rect x=\"51.2\" width=\"0.44580000000000003\" height=\"22\" class=\"bar yea\" style=\"fill: #457439; opacity: 0.7;\"><title>0.1%</title></rect><rect x=\"51.6458\" width=\"445.35420000000005\" height=\"22\" class=\"bar nay\" style=\"fill: #a4112e; opacity: 0.7;\"><title>99.9%</title></rect></g><g class=\"line\" transform=\"translate(0,288)\"><text y=\"11\" dy=\"4\" class=\"name\" style=\"font-size: 14px; font-family: sans-serif; text-anchor: end;\" x=\"46.2\">0.0%</text><rect x=\"51.2\" width=\"0\" height=\"22\" class=\"bar yea\" style=\"fill: #457439; opacity: 0.7;\"><title>0%</title></rect><rect x=\"51.2\" width=\"445.8\" height=\"22\" class=\"bar nay\" style=\"fill: #a4112e; opacity: 0.7;\"><title>100%</title></rect></g><g class=\"line\" transform=\"translate(0,312)\"><text y=\"11\" dy=\"4\" class=\"name\" style=\"font-size: 14px; font-family: sans-serif; text-anchor: end;\" x=\"46.2\">0%</text><rect x=\"51.2\" width=\"0\" height=\"22\" class=\"bar yea\" style=\"fill: #457439; opacity: 0.7;\"><title>0%</title></rect><rect x=\"51.2\" width=\"445.8\" height=\"22\" class=\"bar nay\" style=\"fill: #a4112e; opacity: 0.7;\"><title>100%</title></rect></g><g class=\"line\" transform=\"translate(0,336)\"><text y=\"11\" dy=\"4\" class=\"name\" style=\"font-size: 14px; font-family: sans-serif; text-anchor: end;\" x=\"46.2\">-5%</text><rect x=\"51.2\" width=\"0\" height=\"22\" class=\"bar yea\" style=\"fill: #457439; opacity: 0.7;\"><title>-5%</title></rect><rect x=\"51.2\" width=\"445.8\" height=\"22\" class=\"bar nay\" style=\"fill: #a4112e; opacity: 0.7;\"><title>105%</title></rect></g><g class=\"line\" transform=\"translate(0,360)\"><text y=\"11\" dy=\"4\" class=\"name\" style=\"font-size: 14px; font-family: sans-serif; text-anchor: end;\" x=\"46.2\">-10.9%</text><rect x=\"51.2\" width=\"0\" height=\"22\" class=\"bar yea\" style=\"fill: #457439; opacity: 0.7;\"><title>-10.9%</title></rect><rect x=\"51.2\" width=\"445.8\" height=\"22\" class=\"bar nay\" style=\"fill: #a4112e; opacity: 0.7;\"><title>110.9%</title></rect></g><line x1=\"274.1\" x2=\"274.1\" y1=\"0\" y2=\"384\" stroke-width=\"1\" stroke=\"white\" style=\"stroke-dasharray: 4, 4;\"></line></g></svg>"`;

exports[`Bar chart renders a svg @700 1`] = `"<svg xmlns=\"http://www.w3.org/2000/svg\" version=\"1.1\" width=\"720\" height=\"424\"><g transform=\"translate(10,20)\"><g class=\"line\" transform=\"translate(0,0)\"><text y=\"11\" dy=\"4\" class=\"name\" style=\"font-size: 14px; font-family: sans-serif; text-anchor: end;\" x=\"46.2\">110.9%</text><rect x=\"51.2\" width=\"645.8\" height=\"22\" class=\"bar yea\" style=\"fill: #457439; opacity: 0.7;\"><title>110.9%</title></rect><rect x=\"697\" width=\"0\" height=\"22\" class=\"bar nay\" style=\"fill: #a4112e; opacity: 0.7;\"><title>-10.9%</title></rect></g><g class=\"line\" transform=\"translate(0,24)\"><text y=\"11\" dy=\"4\" class=\"name\" style=\"font-size: 14px; font-family: sans-serif; text-anchor: end;\" x=\"46.2\">105%</text><rect x=\"51.2\" width=\"645.8\" height=\"22\" class=\"bar yea\" style=\"fill: #457439; opacity: 0.7;\"><title>105%</title></rect><rect x=\"697\" width=\"0\" height=\"22\" class=\"bar nay\" style=\"fill: #a4112e; opacity: 0.7;\"><title>-5%</title></rect></g><g class=\"line\" transform=\"translate(0,48)\"><text y=\"11\" dy=\"4\" class=\"name\" style=\"font-size: 14px; font-family: sans-serif; text-anchor: end;\" x=\"46.2\">100%</text><rect x=\"51.2\" width=\"645.8\" height=\"22\" class=\"bar yea\" style=\"fill: #457439; opacity: 0.7;\"><title>100%</title></rect><rect x=\"697\" width=\"0\" height=\"22\" class=\"bar nay\" style=\"fill: #a4112e; opacity: 0.7;\"><title>0%</title></rect></g><g class=\"line\" transform=\"translate(0,72)\"><text y=\"11\" dy=\"4\" class=\"name\" style=\"font-size: 14px; font-family: sans-serif; text-anchor: end;\" x=\"46.2\">100.0%</text><rect x=\"51.2\" width=\"645.8\" height=\"22\" class=\"bar yea\" style=\"fill: #457439; opacity: 0.7;\"><title>100%</title></rect><rect x=\"697\" width=\"0\" height=\"22\" class=\"bar nay\" style=\"fill: #a4112e; opacity: 0.7;\"><title>0%</title></rect></g><g class=\"line\" transform=\"translate(0,96)\"><text y=\"11\" dy=\"4\" class=\"name\" style=\"font-size: 14px; font-family: sans-serif; text-anchor: end;\" x=\"46.2\">99.9%</text><rect x=\"51.2\" width=\"645.1542000000001\" height=\"22\" class=\"bar yea\" style=\"fill: #457439; opacity: 0.7;\"><title>99.9%</title></rect><rect x=\"696.3542000000001\" width=\"0.6457999999999633\" height=\"22\" class=\"bar nay\" style=\"fill: #a4112e; opacity: 0.7;\"><title>0.1%</title></rect></g><g class=\"line\" transform=\"translate(0,120)\"><text y=\"11\" dy=\"4\" class=\"name\" style=\"font-size: 14px; font-family: sans-serif; text-anchor: end;\" x=\"46.2\">88.8%</text><rect x=\"51.2\" width=\"573.4703999999999\" height=\"22\" class=\"bar yea\" style=\"fill: #457439; opacity: 0.7;\"><title>88.8%</title></rect><rect x=\"624.6704\" width=\"72.32960000000001\" height=\"22\" class=\"bar nay\" style=\"fill: #a4112e; opacity: 0.7;\"><title>11.2%</title></rect></g><g class=\"line\" transform=\"translate(0,144)\"><text y=\"11\" dy=\"4\" class=\"name\" style=\"font-size: 14px; font-family: sans-serif; text-anchor: end;\" x=\"46.2\">50.1%</text><rect x=\"51.2\" width=\"323.5458\" height=\"22\" class=\"bar yea\" style=\"fill: #457439; opacity: 0.7;\"><title>50.1%</title></rect><rect x=\"374.7458\" width=\"322.25419999999997\" height=\"22\" class=\"bar nay\" style=\"fill: #a4112e; opacity: 0.7;\"><title>49.9%</title></rect></g><g class=\"line\" transform=\"translate(0,168)\"><text y=\"11\" dy=\"4\" class=\"name\" style=\"font-size: 14px; font-family: sans-serif; text-anchor: end;\" x=\"46.2\">50.0%</text><rect x=\"51.2\" width=\"322.9\" height=\"22\" class=\"bar yea\" style=\"fill: #457439; opacity: 0.7;\"><title>50%</title></rect><rect x=\"374.09999999999997\" width=\"322.9\" height=\"22\" class=\"bar nay\" style=\"fill: #a4112e; opacity: 0.7;\"><title>50%</title></rect></g><g class=\"line\" transform=\"translate(0,192)\"><text y=\"11\" dy=\"4\" class=\"name\" style=\"font-size: 14px; font-family: sans-serif; text-anchor: end;\" x=\"46.2\">50%</text><rect x=\"51.2\" width=\"322.9\" height=\"22\" class=\"bar yea\" style=\"fill: #457439; opacity: 0.7;\"><title>50%</title></rect><rect x=\"374.09999999999997\" width=\"322.9\" height=\"22\" class=\"bar nay\" style=\"fill: #a4112e; opacity: 0.7;\"><title>50%</title></rect></g><g class=\"line\" transform=\"translate(0,216)\"><text y=\"11\" dy=\"4\" class=\"name\" style=\"font-size: 14px; font-family: sans-serif; text-anchor: end;\" x=\"46.2\">49.9%</text><rect x=\"51.2\" width=\"322.25419999999997\" height=\"22\" class=\"bar yea\" style=\"fill: #457439; opacity: 0.7;\"><title>49.9%</title></rect><rect x=\"373.45419999999996\" width=\"323.5458\" height=\"22\" class=\"bar nay\" style=\"fill: #a4112e; opacity: 0.7;\"><title>50.1%</title></rect></g><g class=\"line\" transform=\"translate(0,240)\"><text y=\"11\" dy=\"4\" class=\"name\" style=\"font-size: 14px; font-family: sans-serif; text-anchor: end;\" x=\"46.2\">11.1%</text><rect x=\"51.2\" width=\"71.68379999999999\" height=\"22\" class=\"bar yea\" style=\"fill: #457439; opacity: 0.7;\"><title>11.1%</title></rect><rect x=\"122.8838\" width=\"574.1161999999999\" height=\"22\" class=\"bar nay\" style=\"fill: #a4112e; opacity: 0.7;\"><title>88.9%</title></rect></g><g class=\"line\" transform=\"translate(0,264)\"><text y=\"11\" dy=\"4\" class=\"name\" style=\"font-size: 14px; font-family: sans-serif; text-anchor: end;\" x=\"46.2\">0.1%</text><rect x=\"51.2\" width=\"0.6457999999999999\" height=\"22\" class=\"bar yea\" style=\"fill: #457439; opacity: 0.7;\"><title>0.1%</title></rect><rect x=\"51.845800000000004\" width=\"645.1542000000001\" height=\"22\" class=\"bar nay\" style=\"fill: #a4112e; opacity: 0.7;\"><title>99.9%</title></rect></g><g class=\"line\" transform=\"translate(0,288)\"><text y=\"11\" dy=\"4\" class=\"name\" style=\"font-size: 14px; font-family: sans-serif; text-anchor: end;\" x=\"46.2\">0.0%</text><rect x=\"51.2\" width=\"0\" height=\"22\" class=\"bar yea\" style=\"fill: #457439; opacity: 0.7;\"><title>0%</title></rect><rect x=\"51.2\" width=\"645.8\" height=\"22\" class=\"bar nay\" style=\"fill: #a4112e; opacity: 0.7;\"><title>100%</title></rect></g><g class=\"line\" transform=\"translate(0,312)\"><text y=\"11\" dy=\"4\" class=\"name\" style=\"font-size: 14px; font-family: sans-serif; text-anchor: end;\" x=\"46.2\">0%</text><rect x=\"51.2\" width=\"0\" height=\"22\" class=\"bar yea\" style=\"fill: #457439; opacity: 0.7;\"><title>0%</title></rect><rect x=\"51.2\" width=\"645.8\" height=\"22\" class=\"bar nay\" style=\"fill: #a4112e; opacity: 0.7;\"><title>100%</title></rect></g><g class=\"line\" transform=\"translate(0,336)\"><text y=\"11\" dy=\"4\" class=\"name\" style=\"font-size: 14px; font-family: sans-serif; text-anchor: end;\" x=\"46.2\">-5%</text><rect x=\"51.2\" width=\"0\" height=\"22\" class=\"bar yea\" style=\"fill: #457439; opacity: 0.7;\"><title>-5%</title></rect><rect x=\"51.2\" width=\"645.8\" height=\"22\" class=\"bar nay\" style=\"fill: #a4112e; opacity: 0.7;\"><title>105%</title></rect></g><g class=\"line\" transform=\"translate(0,360)\"><text y=\"11\" dy=\"4\" class=\"name\" style=\"font-size: 14px; font-family: sans-serif; text-anchor: end;\" x=\"46.2\">-10.9%</text><rect x=\"51.2\" width=\"0\" height=\"22\" class=\"bar yea\" style=\"fill: #457439; opacity: 0.7;\"><title>-10.9%</title></rect><rect x=\"51.2\" width=\"645.8\" height=\"22\" class=\"bar nay\" style=\"fill: #a4112e; opacity: 0.7;\"><title>110.9%</title></rect></g><line x1=\"374.09999999999997\" x2=\"374.09999999999997\" y1=\"0\" y2=\"384\" stroke-width=\"1\" stroke=\"white\" style=\"stroke-dasharray: 4, 4;\"></line></g></svg>"`;

exports[`Bar chart renders a svg @2000 1`] = `"<svg xmlns=\"http://www.w3.org/2000/svg\" version=\"1.1\" width=\"2020\" height=\"424\"><g transform=\"translate(10,20)\"><g class=\"line\" transform=\"translate(0,0)\"><text y=\"11\" dy=\"4\" class=\"name\" style=\"font-size: 14px; font-family: sans-serif; text-anchor: end;\" x=\"46.2\">110.9%</text><rect x=\"51.2\" width=\"1945.8\" height=\"22\" class=\"bar yea\" style=\"fill: #457439; opacity: 0.7;\"><title>110.9%</title></rect><rect x=\"1997\" width=\"0\" height=\"22\" class=\"bar nay\" style=\"fill: #a4112e; opacity: 0.7;\"><title>-10.9%</title></rect></g><g class=\"line\" transform=\"translate(0,24)\"><text y=\"11\" dy=\"4\" class=\"name\" style=\"font-size: 14px; font-family: sans-serif; text-anchor: end;\" x=\"46.2\">105%</text><rect x=\"51.2\" width=\"1945.8\" height=\"22\" class=\"bar yea\" style=\"fill: #457439; opacity: 0.7;\"><title>105%</title></rect><rect x=\"1997\" width=\"0\" height=\"22\" class=\"bar nay\" style=\"fill: #a4112e; opacity: 0.7;\"><title>-5%</title></rect></g><g class=\"line\" transform=\"translate(0,48)\"><text y=\"11\" dy=\"4\" class=\"name\" style=\"font-size: 14px; font-family: sans-serif; text-anchor: end;\" x=\"46.2\">100%</text><rect x=\"51.2\" width=\"1945.8\" height=\"22\" class=\"bar yea\" style=\"fill: #457439; opacity: 0.7;\"><title>100%</title></rect><rect x=\"1997\" width=\"0\" height=\"22\" class=\"bar nay\" style=\"fill: #a4112e; opacity: 0.7;\"><title>0%</title></rect></g><g class=\"line\" transform=\"translate(0,72)\"><text y=\"11\" dy=\"4\" class=\"name\" style=\"font-size: 14px; font-family: sans-serif; text-anchor: end;\" x=\"46.2\">100.0%</text><rect x=\"51.2\" width=\"1945.8\" height=\"22\" class=\"bar yea\" style=\"fill: #457439; opacity: 0.7;\"><title>100%</title></rect><rect x=\"1997\" width=\"0\" height=\"22\" class=\"bar nay\" style=\"fill: #a4112e; opacity: 0.7;\"><title>0%</title></rect></g><g class=\"line\" transform=\"translate(0,96)\"><text y=\"11\" dy=\"4\" class=\"name\" style=\"font-size: 14px; font-family: sans-serif; text-anchor: end;\" x=\"46.2\">99.9%</text><rect x=\"51.2\" width=\"1943.8542000000002\" height=\"22\" class=\"bar yea\" style=\"fill: #457439; opacity: 0.7;\"><title>99.9%</title></rect><rect x=\"1995.0542000000003\" width=\"1.9457999999998894\" height=\"22\" class=\"bar nay\" style=\"fill: #a4112e; opacity: 0.7;\"><title>0.1%</title></rect></g><g class=\"line\" transform=\"translate(0,120)\"><text y=\"11\" dy=\"4\" class=\"name\" style=\"font-size: 14px; font-family: sans-serif; text-anchor: end;\" x=\"46.2\">88.8%</text><rect x=\"51.2\" width=\"1727.8704\" height=\"22\" class=\"bar yea\" style=\"fill: #457439; opacity: 0.7;\"><title>88.8%</title></rect><rect x=\"1779.0704\" width=\"217.92960000000005\" height=\"22\" class=\"bar nay\" style=\"fill: #a4112e; opacity: 0.7;\"><title>11.2%</title></rect></g><g class=\"line\" transform=\"translate(0,144)\"><text y=\"11\" dy=\"4\" class=\"name\" style=\"font-size: 14px; font-family: sans-serif; text-anchor: end;\" x=\"46.2\">50.1%</text><rect x=\"51.2\" width=\"974.8457999999999\" height=\"22\" class=\"bar yea\" style=\"fill: #457439; opacity: 0.7;\"><title>50.1%</title></rect><rect x=\"1026.0457999999999\" width=\"970.9542\" height=\"22\" class=\"bar nay\" style=\"fill: #a4112e; opacity: 0.7;\"><title>49.9%</title></rect></g><g class=\"line\" transform=\"translate(0,168)\"><text y=\"11\" dy=\"4\" class=\"name\" style=\"font-size: 14px; font-family: sans-serif; text-anchor: end;\" x=\"46.2\">50.0%</text><rect x=\"51.2\" width=\"972.9\" height=\"22\" class=\"bar yea\" style=\"fill: #457439; opacity: 0.7;\"><title>50%</title></rect><rect x=\"1024.1\" width=\"972.9\" height=\"22\" class=\"bar nay\" style=\"fill: #a4112e; opacity: 0.7;\"><title>50%</title></rect></g><g class=\"line\" transform=\"translate(0,192)\"><text y=\"11\" dy=\"4\" class=\"name\" style=\"font-size: 14px; font-family: sans-serif; text-anchor: end;\" x=\"46.2\">50%</text><rect x=\"51.2\" width=\"972.9\" height=\"22\" class=\"bar yea\" style=\"fill: #457439; opacity: 0.7;\"><title>50%</title></rect><rect x=\"1024.1\" width=\"972.9\" height=\"22\" class=\"bar nay\" style=\"fill: #a4112e; opacity: 0.7;\"><title>50%</title></rect></g><g class=\"line\" transform=\"translate(0,216)\"><text y=\"11\" dy=\"4\" class=\"name\" style=\"font-size: 14px; font-family: sans-serif; text-anchor: end;\" x=\"46.2\">49.9%</text><rect x=\"51.2\" width=\"970.9542\" height=\"22\" class=\"bar yea\" style=\"fill: #457439; opacity: 0.7;\"><title>49.9%</title></rect><rect x=\"1022.1542000000001\" width=\"974.8457999999999\" height=\"22\" class=\"bar nay\" style=\"fill: #a4112e; opacity: 0.7;\"><title>50.1%</title></rect></g><g class=\"line\" transform=\"translate(0,240)\"><text y=\"11\" dy=\"4\" class=\"name\" style=\"font-size: 14px; font-family: sans-serif; text-anchor: end;\" x=\"46.2\">11.1%</text><rect x=\"51.2\" width=\"215.9838\" height=\"22\" class=\"bar yea\" style=\"fill: #457439; opacity: 0.7;\"><title>11.1%</title></rect><rect x=\"267.1838\" width=\"1729.8162\" height=\"22\" class=\"bar nay\" style=\"fill: #a4112e; opacity: 0.7;\"><title>88.9%</title></rect></g><g class=\"line\" transform=\"translate(0,264)\"><text y=\"11\" dy=\"4\" class=\"name\" style=\"font-size: 14px; font-family: sans-serif; text-anchor: end;\" x=\"46.2\">0.1%</text><rect x=\"51.2\" width=\"1.9458\" height=\"22\" class=\"bar yea\" style=\"fill: #457439; opacity: 0.7;\"><title>0.1%</title></rect><rect x=\"53.1458\" width=\"1943.8542000000002\" height=\"22\" class=\"bar nay\" style=\"fill: #a4112e; opacity: 0.7;\"><title>99.9%</title></rect></g><g class=\"line\" transform=\"translate(0,288)\"><text y=\"11\" dy=\"4\" class=\"name\" style=\"font-size: 14px; font-family: sans-serif; text-anchor: end;\" x=\"46.2\">0.0%</text><rect x=\"51.2\" width=\"0\" height=\"22\" class=\"bar yea\" style=\"fill: #457439; opacity: 0.7;\"><title>0%</title></rect><rect x=\"51.2\" width=\"1945.8\" height=\"22\" class=\"bar nay\" style=\"fill: #a4112e; opacity: 0.7;\"><title>100%</title></rect></g><g class=\"line\" transform=\"translate(0,312)\"><text y=\"11\" dy=\"4\" class=\"name\" style=\"font-size: 14px; font-family: sans-serif; text-anchor: end;\" x=\"46.2\">0%</text><rect x=\"51.2\" width=\"0\" height=\"22\" class=\"bar yea\" style=\"fill: #457439; opacity: 0.7;\"><title>0%</title></rect><rect x=\"51.2\" width=\"1945.8\" height=\"22\" class=\"bar nay\" style=\"fill: #a4112e; opacity: 0.7;\"><title>100%</title></rect></g><g class=\"line\" transform=\"translate(0,336)\"><text y=\"11\" dy=\"4\" class=\"name\" style=\"font-size: 14px; font-family: sans-serif; text-anchor: end;\" x=\"46.2\">-5%</text><rect x=\"51.2\" width=\"0\" height=\"22\" class=\"bar yea\" style=\"fill: #457439; opacity: 0.7;\"><title>-5%</title></rect><rect x=\"51.2\" width=\"1945.8\" height=\"22\" class=\"bar nay\" style=\"fill: #a4112e; opacity: 0.7;\"><title>105%</title></rect></g><g class=\"line\" transform=\"translate(0,360)\"><text y=\"11\" dy=\"4\" class=\"name\" style=\"font-size: 14px; font-family: sans-serif; text-anchor: end;\" x=\"46.2\">-10.9%</text><rect x=\"51.2\" width=\"0\" height=\"22\" class=\"bar yea\" style=\"fill: #457439; opacity: 0.7;\"><title>-10.9%</title></rect><rect x=\"51.2\" width=\"1945.8\" height=\"22\" class=\"bar nay\" style=\"fill: #a4112e; opacity: 0.7;\"><title>110.9%</title></rect></g><line x1=\"1024.1\" x2=\"1024.1\" y1=\"0\" y2=\"384\" stroke-width=\"1\" stroke=\"white\" style=\"stroke-dasharray: 4, 4;\"></line></g></svg>"`;

exports[`Bar chart renders an empty svg with no data 1`] = `"<svg xmlns=\"http://www.w3.org/2000/svg\" version=\"1.1\"></svg>"`;
